// Jest Snapshot v1, https://goo.gl/fbAQLP

exports[`Listagem Component deve renderizar corretamente os dados fornecidos 1`] = `
<View
  style={
    {
      "borderBottomWidth": 1,
      "borderColor": "#ccc",
      "padding": 10,
    }
  }
>
  <Text
    style={
      {
        "fontSize": 16,
      }
    }
  >
    Desenvolvedor
  </Text>
  <Text
    style={
      {
        "fontSize": 16,
      }
    }
  >
    Bruno
  </Text>
  <Text
    style={
      {
        "fontSize": 16,
      }
    }
  >
    Pereira
  </Text>
</View>
`;
